node.exe : npm warn Unknown user config "msvs_version". Th
is will stop working in the next major version of npm. See
 `npm help npmrc` for supported config options.
위치 C:\Program Files\nodejs\npm.ps1:29 문자:3
+   & $NODE_EXE $NPM_CLI_JS $args
+   ~~~~~~~~~~~~~~~~~~~~~~~~~~~~~
    + CategoryInfo          : NotSpecified: (npm warn Unk 
   now...config options.:String) [], RemoteException
    + FullyQualifiedErrorId : NativeCommandError
 
npm warn Unknown user config "msvs-version". This will sto
p working in the next major version of npm. See `npm help 
npmrc` for supported config options.

> animalese-tts@0.0.1-alpha.0 test
> jest

FAIL test/AnimaleseEngine.test.ts
  AnimaleseEngine (Full OOP DI Pattern)
    ???띿뒪??蹂?? ?쇱튂 ?곗궛 諛?紐⑥쓽 ?꾨왂 ?ъ깮 ?몄텧???곌퀎?섏뼱???쒕떎. (7
 ms)
    ??calculatePitch: ?쇱튂??randomness 湲곕낯 踰붿쐞 ?댁뿉???쒕뜡?섍쾶 
?앹꽦?섏뼱???쒕떎 (1 ms)
  AnimaleseEngine (EnglishAnalyzer)
    횞 ?곷Ц ?띿뒪?몃뒗 ??뚮Ц??援щ텇 ?놁씠 ?뚰뙆踰노쭔 遺꾨━?섏뼱 ?ъ깮?섏뼱???쒕떎.
 (3 ms)

  ??AnimaleseEngine (EnglishAnalyzer) ???곷Ц ?띿뒪?몃뒗 ??뚮Ц??
援щ텇 ?놁씠 ?뚰뙆踰노쭔 遺꾨━?섏뼱 ?ъ깮?섏뼱???쒕떎.

    expect(jest.fn()).toHaveBeenCalledTimes(expected)

    Expected number of calls: 5
    Received number of calls: 6

    [0m [90m 90 |[39m     }
     [90m 91 |[39m
    [31m[1m>[22m[39m[90m 92 |[39m     expect(mockStr
ategy[33m.[39mplay)[33m.[39mtoHaveBeenCalledTimes([35
m5[39m)
     [90m    |[39m                               [31m[
1m^[22m[39m
     [90m 93 |[39m   })
     [90m 94 |[39m })
     [90m 95 |[39m[0m

      at Object.<anonymous> (test/AnimaleseEngine.test.ts:
92:31)

Test Suites: 1 failed, 1 total
Tests:       1 failed, 2 passed, 3 total
Snapshots:   0 total
Time:        3.214 s
Ran all test suites.
